\BOOKMARK [0][-]{section*.1}{\376\377\000E\000l\000e\000n\000c\000o\000\040\000d\000e\000l\000l\000e\000\040\000F\000i\000g\000u\000r\000e}{}% 1
\BOOKMARK [0][-]{section*.1}{\376\377\000E\000l\000e\000n\000c\000o\000\040\000d\000e\000l\000l\000e\000\040\000T\000a\000b\000e\000l\000l\000e}{}% 2
\BOOKMARK [0][-]{chapter.1}{\376\377\000I\000n\000t\000r\000o\000d\000u\000z\000i\000o\000n\000e}{}% 3
\BOOKMARK [1][-]{section.1.1}{\376\377\000N\000o\000n\000-\000P\000l\000a\000y\000a\000b\000l\000e\000\040\000C\000h\000a\000r\000a\000c\000t\000e\000r\000:\000\040\000c\000o\000n\000t\000e\000s\000t\000o\000\040\000e\000\040\000r\000u\000o\000l\000o}{chapter.1}% 4
\BOOKMARK [1][-]{section.1.2}{\376\377\000O\000b\000i\000e\000t\000t\000i\000v\000i}{chapter.1}% 5
\BOOKMARK [0][-]{chapter.2}{\376\377\000D\000a\000g\000l\000i\000\040\000N\000P\000C\000\040\000t\000r\000a\000d\000i\000z\000i\000o\000n\000a\000l\000i\000\040\000a\000g\000l\000i\000\040\000L\000L\000M\000:\000\040\000b\000a\000c\000k\000g\000r\000o\000u\000n\000d\000\040\000e\000\040\000s\000t\000a\000t\000o\000\040\000d\000e\000l\000l\000'\000a\000r\000t\000e}{}% 6
\BOOKMARK [1][-]{section.2.1}{\376\377\000N\000P\000C\000\040\000t\000r\000a\000d\000i\000z\000i\000o\000n\000a\000l\000i\000:\000\040\000a\000n\000a\000l\000i\000s\000i\000\040\000e\000\040\000l\000i\000m\000i\000t\000i}{chapter.2}% 7
\BOOKMARK [2][-]{subsection.2.1.1}{\376\377\000A\000l\000b\000e\000r\000i\000\040\000d\000e\000c\000i\000s\000i\000o\000n\000a\000l\000i}{section.2.1}% 8
\BOOKMARK [2][-]{subsection.2.1.2}{\376\377\000M\000a\000c\000c\000h\000i\000n\000e\000\040\000a\000\040\000s\000t\000a\000t\000i\000\040\000f\000i\000n\000i\000t\000i}{section.2.1}% 9
\BOOKMARK [2][-]{subsection.2.1.3}{\376\377\000L\000i\000m\000i\000t\000i\000\040\000d\000e\000g\000l\000i\000\040\000a\000p\000p\000r\000o\000c\000c\000i\000\040\000t\000r\000a\000d\000i\000z\000i\000o\000n\000a\000l\000i}{section.2.1}% 10
\BOOKMARK [1][-]{section.2.2}{\376\377\000G\000l\000i\000\040\000L\000L\000M\000\040\000n\000e\000i\000\040\000v\000i\000d\000e\000o\000g\000i\000o\000c\000h\000i\000:\000\040\000o\000p\000p\000o\000r\000t\000u\000n\000i\000t\000\340\000\040\000e\000\040\000s\000f\000i\000d\000e}{chapter.2}% 11
\BOOKMARK [2][-]{subsection.2.2.1}{\376\377\000L\000L\000M\000\040\000c\000o\000m\000e\000\040\000s\000t\000r\000u\000m\000e\000n\000t\000i\000\040\000p\000e\000r\000\040\000l\000o\000\040\000s\000v\000i\000l\000u\000p\000p\000o\000\040\000d\000i\000\040\000v\000i\000d\000e\000o\000g\000i\000o\000c\000h\000i}{section.2.2}% 12
\BOOKMARK [2][-]{subsection.2.2.2}{\376\377\000L\000L\000M\000\040\000p\000e\000r\000\040\000i\000l\000\040\000c\000o\000n\000t\000r\000o\000l\000l\000o\000\040\000d\000e\000g\000l\000i\000\040\000N\000P\000C}{section.2.2}% 13
\BOOKMARK [2][-]{subsection.2.2.3}{\376\377\000S\000f\000i\000d\000e\000\040\000e\000\040\000l\000i\000m\000i\000t\000i\000\040\000d\000e\000g\000l\000i\000\040\000L\000L\000M}{section.2.2}% 14
\BOOKMARK [0][-]{chapter.3}{\376\377\000L\000'\000a\000r\000c\000h\000i\000t\000e\000t\000t\000u\000r\000a\000\040\000d\000i\000\040\000A\000m\000b\000r\000a\000I\000A}{}% 15
\BOOKMARK [1][-]{section.3.1}{\376\377\000S\000p\000e\000c\000i\000f\000i\000c\000a\000\040\000P\000E\000A\000S}{chapter.3}% 16
\BOOKMARK [1][-]{section.3.2}{\376\377\000C\000a\000r\000a\000t\000t\000e\000r\000i\000s\000t\000i\000c\000h\000e\000\040\000d\000e\000l\000l\000'\000a\000m\000b\000i\000e\000n\000t\000e}{chapter.3}% 17
\BOOKMARK [1][-]{section.3.3}{\376\377\000A\000n\000a\000l\000i\000s\000i\000\040\000d\000e\000l\000\040\000p\000r\000o\000b\000l\000e\000m\000a}{chapter.3}% 18
\BOOKMARK [1][-]{section.3.4}{\376\377\000I\000l\000\040\000l\000a\000t\000o\000\040\000U\000n\000i\000t\000y\000\040\000d\000i\000\040\000A\000m\000b\000r\000a\000I\000A}{chapter.3}% 19
\BOOKMARK [2][-]{subsection.3.4.1}{\376\377\000N\000P\000C\000C\000o\000n\000t\000r\000o\000l\000l\000e\000r}{section.3.4}% 20
\BOOKMARK [2][-]{subsection.3.4.2}{\376\377\000I\000n\000t\000e\000r\000a\000c\000t\000a\000b\000l\000e\000O\000b\000j\000e\000c\000t}{section.3.4}% 21
\BOOKMARK [2][-]{subsection.3.4.3}{\376\377\000S\000c\000e\000n\000e\000A\000n\000a\000l\000y\000z\000e\000r}{section.3.4}% 22
\BOOKMARK [2][-]{subsection.3.4.4}{\376\377\000R\000u\000n\000t\000i\000m\000e\000C\000o\000m\000p\000i\000l\000e\000r}{section.3.4}% 23
\BOOKMARK [1][-]{section.3.5}{\376\377\000I\000l\000\040\000l\000a\000t\000o\000\040\000s\000e\000r\000v\000e\000r\000\040\000d\000i\000\040\000A\000m\000b\000r\000a\000I\000A}{chapter.3}% 24
\BOOKMARK [2][-]{subsection.3.5.1}{\376\377\000M\000e\000m\000o\000r\000y\000\040\000S\000t\000r\000e\000a\000m}{section.3.5}% 25
\BOOKMARK [0][-]{chapter.4}{\376\377\000C\000o\000n\000c\000l\000u\000s\000i\000o\000n\000i}{}% 26
\BOOKMARK [0][-]{chapter.4}{\376\377\000B\000i\000b\000l\000i\000o\000g\000r\000a\000f\000i\000a}{}% 27
